// Jest Snapshot v1, https://goo.gl/fbAQLP

exports[`should be structurally sound 1`] = `
<vm-submenu>
  <!---->
  <vm-menu-item identifier="vime-submenu-1-controller" menu="vime-submenu-1"></vm-menu-item>
  <vm-menu controller="vime-submenu-1-controller" identifier="vime-submenu-1"></vm-menu>
</vm-submenu>
`;
