// Jest Snapshot v1, https://goo.gl/fbAQLP

exports[`should be structurally sound 1`] = `
<vm-time-progress>
  <vm-current-time></vm-current-time>
  <span>
    /
  </span>
  <vm-end-time></vm-end-time>
</vm-time-progress>
`;
