// Jest Snapshot v1, https://goo.gl/fbAQLP

exports[`should be structurally sound 1`] = `
<vm-scrim class="hidden">
  <div></div>
</vm-scrim>
`;
