// Jest Snapshot v1, https://goo.gl/fbAQLP

exports[`should be structurally sound 1`] = `
<vm-captions style="transform: translateY(-24px);">
  <span></span>
</vm-captions>
`;
