// Jest Snapshot v1, https://goo.gl/fbAQLP

exports[`should be structurally sound 1`] = `
<vm-mute-control>
  <vm-control keys="m" label="Mute">
    <vm-icon href="#vime-volume-high"></vm-icon>
    <vm-tooltip position="top">
      Mute (m)
    </vm-tooltip>
  </vm-control>
</vm-mute-control>
`;
