// Jest Snapshot v1, https://goo.gl/fbAQLP

exports[`should be structurally sound 1`] = `
<vm-embed>
  <iframe allow="autoplay; encrypted-media; picture-in-picture" allowfullscreen="1" class="lazy" data-src id="vime-iframe-1"></iframe>
</vm-embed>
`;
