// Jest Snapshot v1, https://goo.gl/fbAQLP

exports[`should be structurally sound 1`] = `
<vm-settings-control class="hidden">
  <vm-control hidden="" identifier="vime-settings-control-1" label="Settings">
    <vm-icon href="#vime-settings"></vm-icon>
    <vm-tooltip position="top">
      Settings
    </vm-tooltip>
  </vm-control>
</vm-settings-control>
`;
