// Jest Snapshot v1, https://goo.gl/fbAQLP

exports[`should be structurally sound 1`] = `
<vm-control>
  <!---->
  <button aria-hidden="false" class="notTouch" type="button">
    Control
  </button>
</vm-control>
`;
