// Jest Snapshot v1, https://goo.gl/fbAQLP

exports[`should be structurally sound 1`] = `
<vm-player aria-busy="true" aria-hidden="true" aria-label="Video Player" id="vime-player-1" tabindex="0">
  <!---->
  <vm-faketube></vm-faketube>
  <vm-ui>
    <!---->
    <div>
      <vm-settings pin="bottomRight" style="bottom: 0px; right: 8px;">
        <!---->
        <vm-menu controller="" identifier="vime-settings-1">
          DefaultSlot
        </vm-menu>
      </vm-settings>
    </div>
  </vm-ui>
</vm-player>
`;
