// Jest Snapshot v1, https://goo.gl/fbAQLP

exports[`should be structurally sound 1`] = `
<vm-scrubber-control>
  <vm-slider label="Scrubber" max="0" step="0.01" value="0" valuetext="00:00 of 00:00"></vm-slider>
  <progress aria-label="Buffered" aria-valuemax="0" aria-valuemin="0" aria-valuenow="0" aria-valuetext="0%" max="0" min="0" value="0">
    % buffered
  </progress>
  <vm-tooltip>
    00:00
  </vm-tooltip>
</vm-scrubber-control>
`;
