// Jest Snapshot v1, https://goo.gl/fbAQLP

exports[`should be structurally sound 1`] = `
<vm-time aria-label="Current time">
  02:00
</vm-time>
`;
